// Jest Snapshot v1, https://goo.gl/fbAQLP

exports[`renders empty resource list without crashing 1`] = `
<div
  className="Sidebar is-closed"
>
  <nav
    className="Sidebar-main"
  >
    <h2
      className="Sidebar-header"
    >
      RESOURCES:
    </h2>
    <ul
      className="Sidebar-list"
    >
      <li>
        <a
          className="resLink resLink--all is-selected"
          href="/"
          onClick={[Function]}
        >
          Â ALL
        </a>
      </li>
    </ul>
    <button
      className="Sidebar-toggle"
      onClick={null}
    >
      <svg>
        chevron.svg
      </svg>
       Collapse
    </button>
  </nav>
  <nav
    className="Sidebar-secondary"
  >
    <a
      href="/"
      onClick={[Function]}
    >
      Logs
    </a>
    <a
      href="/preview"
      onClick={[Function]}
    >
      Preview
    </a>
  </nav>
</div>
`;
